// Jest Snapshot v1, https://goo.gl/fbAQLP

exports[`Home.vue has the expected html structure 1`] = `
<div
  class="home"
>
  <button
    class="main-button"
  >
    <label>
      Whats for lunch
    </label>
  </button>
</div>
`;
